<area shape="rect" href="$_angle_8nxc.html" title="Provides simple arithmetic for absolute and relative angles." alt="" coords="141,229,221,256">
<area shape="rect" href="$_example_8nxc-source.html" title="Example.nxc" alt="" coords="272,528,368,555">
<area shape="rect" href="$_odometer2_8nxc.html" title="Implements odometery for 2 wheels drive robot base using motor tachometers." alt="" coords="605,379,715,405">
<area shape="rect" href="$_vehicle_8nxc.html" title="A simple 2 wheels drive vehicle implementation that can travel a set of navigation..." alt="" coords="409,453,497,480">
<area shape="rect" href="$_circle_8nxc.html" title="Circle geometry operations." alt="" coords="296,304,376,331">
<area shape="rect" href="$_vector_8nxc.html" title="A simple 3&#45;components vector implementation (2D point + direction)." alt="" coords="491,155,573,181">
<area shape="rect" href="$_matrix_8nxc.html" title="Integer matrix implementation. Provides matrix algebra, cofactor, adjugate and inverse..." alt="" coords="412,80,495,107">
<area shape="rect" href="$_kalman_filter_8nxc.html" title="Kalman Filter implementation for multidimentional state vector." alt="" coords="347,155,467,181">
<area shape="rect" href="$_map_8nxc.html" title="A 2D map implementation that holds a set of landmark objects." alt="" coords="555,304,627,331">
<area shape="rect" href="$_sonar_8nxc.html" title="Sonar implementation with an ultrasonic sensor, optionally mounted on a sweep motor..." alt="" coords="235,379,315,405">
<area shape="rect" href="$_screen_8nxc.html" title="Display functions for text and graphs." alt="" coords="488,229,576,256">
<area shape="rect" href="$_motor_8nxc.html" title="Motor control implementation." alt="" coords="400,304,480,331">
